# An example URL map (from Daniel's data).
# Empty lines and whitespace lines are ignored too:
   			

Aedes_aegypti http://cegg.unige.ch/mirortho/results?searchterm=Aaeg%&submit=Submit
'Anopheles gambiae' http://cegg.unige.ch/mirortho/results?searchterm=Agam%&submit=Submit
'Apis mellifera' http://cegg.unige.ch/mirortho/results?searchterm=Amel%&submit=Submit
'Bombyx mori' http://cegg.unige.ch/mirortho/results?searchterm=Bmor%&submit=Submit
'Caenorhabditis elegans' http://cegg.unige.ch/mirortho/results?searchterm=Cele%&submit=Submit
'Canis familiaris' http://cegg.unige.ch/mirortho/results?searchterm=Cfam%&submit=Submit
'Capitella capitata' http://cegg.unige.ch/mirortho/results?searchterm=CspI%&submit=Submit
'Ciona intestinalis' http://cegg.unige.ch/mirortho/results?searchterm=Cint%&submit=Submit
'Culex pipiens' http://cegg.unige.ch/mirortho/results?searchterm=Cpip%&submit=Submit
'Danio rerio' http://cegg.unige.ch/mirortho/results?searchterm=Drer%&submit=Submit
'Daphnia pulex' http://cegg.unige.ch/mirortho/results?searchterm=Dpul%&submit=Submit
'Drosophila ananassae' http://cegg.unige.ch/mirortho/results?searchterm=Dana%&submit=Submit
'Drosophila erecta' http://cegg.unige.ch/mirortho/results?searchterm=Dere%&submit=Submit
'Drosophila grimshawi' http://cegg.unige.ch/mirortho/results?searchterm=Dgri%&submit=Submit
'Drosophila melanogaster' http://cegg.unige.ch/mirortho/results?searchterm=Dmel%&submit=Submit
'Drosophila mojavensis' http://cegg.unige.ch/mirortho/results?searchterm=Dmoj%&submit=Submit
'Drosophila persimilis' http://cegg.unige.ch/mirortho/results?searchterm=Dper%&submit=Submit
'Drosophila pseudoobscura' http://cegg.unige.ch/mirortho/results?searchterm=Dpse%&submit=Submit
'Drosophila sechellia' http://cegg.unige.ch/mirortho/results?searchterm=Dsec%&submit=Submit
'Drosophila simulans' http://cegg.unige.ch/mirortho/results?searchterm=Dsim%&submit=Submit
'Drosophila virilis' http://cegg.unige.ch/mirortho/results?searchterm=Dvir%&submit=Submit
'Drosophila willistoni' http://cegg.unige.ch/mirortho/results?searchterm=Dwil%&submit=Submit
'Drosophila yakuba' http://cegg.unige.ch/mirortho/results?searchterm=Dyak%&submit=Submit
'Gallus gallus' http://cegg.unige.ch/mirortho/results?searchterm=Ggal%&submit=Submit
'Gasterosteus aculeatus' http://cegg.unige.ch/mirortho/results?searchterm=Gacu%&submit=Submit
'Helobdella robusta' http://cegg.unige.ch/mirortho/results?searchterm=Hrob%&submit=Submit
'Homo sapiens' http://cegg.unige.ch/mirortho/results?searchterm=Hsap%&submit=Submit
'Lottia gigantea' http://cegg.unige.ch/mirortho/results?searchterm=Lgig%&submit=Submit
'Macaca mulatta' http://cegg.unige.ch/mirortho/results?searchterm=Mmul%&submit=Submit
'Monodelphis domestica' http://cegg.unige.ch/mirortho/results?searchterm=Mdom%&submit=Submit
'Mus musculus' http://cegg.unige.ch/mirortho/results?searchterm=Mmus%&submit=Submit
'Nasonia vitripennis' http://cegg.unige.ch/mirortho/results?searchterm=Nvit%&submit=Submit
'Nematostella vectensis' http://cegg.unige.ch/mirortho/results?searchterm=Nvec%&submit=Submit
'Ornithorhynchus anatinus' http://cegg.unige.ch/mirortho/results?searchterm=Oana%&submit=Submit
'Pan troglodytes' http://cegg.unige.ch/mirortho/results?searchterm=Ptro%&submit=Submit
'Pediculus humanus' http://cegg.unige.ch/mirortho/results?searchterm=Phum%&submit=Submit
'Petromyzon marinus' http://cegg.unige.ch/mirortho/results?searchterm=Lpet%&submit=Submit
'Rattus norvegicus' http://cegg.unige.ch/mirortho/results?searchterm=Rnor%&submit=Submit
'Schmidtea mediterranea' http://cegg.unige.ch/mirortho/results?searchterm=Smed%&submit=Submit
'Strongylocentrotus purpuratus' http://cegg.unige.ch/mirortho/results?searchterm=Surc%&submit=Submit
'Takifugu rubripes' http://cegg.unige.ch/mirortho/results?searchterm=Trub%&submit=Submit
'Tetraodon nigroviridis' http://cegg.unige.ch/mirortho/results?searchterm=Tnig%&submit=Submit
'Tribolium castaneum' http://cegg.unige.ch/mirortho/results?searchterm=Tcas%&submit=Submit
'Xenopus tropicalis' http://cegg.unige.ch/mirortho/results?searchterm=Xtro%&submit=Submit
'Bos taurus' http://cegg.unige.ch/mirortho/results?searchterm=Btar%&submit=Submit
'Anolis carolinensis' http://cegg.unige.ch/mirortho/results?searchterm=Acar%&submit=Submit

# Empty line at the end:


