"<circle r='4' style='fill:#2500d9;stroke:black'/>"	I	HRV78
"<circle r='4' style='fill:#2700d7;stroke:black'/>"	I	HRV12
"<circle r='4' style='fill:#2100dd;stroke:black'/>"	I	HRV89
"<circle r='4' style='fill:#0000ff;stroke:black'/>"	I	HRV1B
"<circle r='4' style='fill:#1300eb;stroke:black'/>"	I	HRV16
"<circle r='4' style='fill:#1400ea;stroke:black'/>"	I	HRV85
"<circle r='4' style='fill:#2100dd;stroke:black'/>"	I	HRV39
"<circle r='4' style='fill:#1900e5;stroke:black'/>"	I	HRV2
"<circle r='4' style='fill:#0f00ef;stroke:black'/>"	I	HRV9
"<circle r='4' style='fill:#2d00d1;stroke:black'/>"	I	HRV94
"<circle r='4' style='fill:#2a00d4;stroke:black'/>"	I	HRV64
"<circle r='4' style='fill:#3000ce;stroke:black'/>"	I	HRV93
"<circle r='4' style='fill:#3100cd;stroke:black'/>"	I	HRV27
"<circle r='4' style='fill:#3a00c4;stroke:black'/>"	I	HRV3
"<circle r='4' style='fill:#4700b7;stroke:black'/>"	I	HRV14
"<circle r='4' style='fill:#3600c8;stroke:black'/>"	I	HRV37
"<circle r='4' style='fill:#fa0004;stroke:black'/>"	I	COXA6
"<circle r='4' style='fill:#ff0000;stroke:black'/>"	I	COXA2
"<circle r='4' style='fill:#f4000a;stroke:black'/>"	I	COXA14
"<circle r='4' style='fill:#890075;stroke:black'/>"	I	HEV70
"<circle r='4' style='fill:#64009a;stroke:black'/>"	I	HEV68
"<circle r='4' style='fill:#f70007;stroke:black'/>"	I	ECHO1
"<circle r='4' style='fill:#f90005;stroke:black'/>"	I	ECHO6
"<circle r='4' style='fill:#f60008;stroke:black'/>"	I	COXB2
"<circle r='4' style='fill:#92006c;stroke:black'/>"	I	COXA1
"<circle r='4' style='fill:#bf003f;stroke:black'/>"	I	COXA18
"<circle r='4' style='fill:#cd0031;stroke:black'/>"	I	COXA17
"<circle r='4' style='fill:#e60018;stroke:black'/>"	I	POLIO3
"<circle r='4' style='fill:#d90025;stroke:black'/>"	I	POLIO1A
"<circle r='4' style='fill:#dc0022;stroke:black'/>"	I	POLIO2
"<circle r='4' style='fill:#3000ce;stroke:black'/>"	I	HRV17
"<circle r='4' style='fill:#3000ce;stroke:black'/>"	I	HRV52
"<circle r='4' style='fill:#3000ce;stroke:black'/>"	I	HRV11
"<circle r='4' style='fill:#3000ce;stroke:black'/>"	I	HRV24
